Starting test_db.py...
Importing database...
Database imported successfully.
Calling get_db_connection...
Connection result: <streamlit.connections.sql_connection.SQLConnection object at 0x00000226E004E510>
Finished test_db.py.
